Пользователь 101233 успешно добавлен.